
Allocating common symbols
Common symbol       size              file

MA_State_id         0x1               main.o
MA_State            0x4               Main_Algorithm.o
PS_State_id         0x1               main.o
AC_State_id         0x1               Alarm_Actuator.o
PS_State            0x4               Pressure_Sensor.o
AC_State            0x4               Alarm_Actuator.o
MoA_State_id        0x1               main.o
MoA_State           0x4               Monitor_Alarm.o

Memory Configuration

Name             Origin             Length             Attributes
flash            0x08000000         0x00020000         xr
sram             0x20000000         0x00005000         xrw
*default*        0x00000000         0xffffffff

Linker script and memory map


.text           0x08000000      0x41c
 *(.vectors*)
 .vectors       0x08000000       0x1c startup.o
                0x08000000                vectors
 *(.text*)
 .text          0x0800001c       0xb8 Alarm_Actuator.o
                0x0800001c                AC_init
                0x08000028                Stop_Alarm
                0x08000044                Start_Alarm
                0x08000060                ST_AC_Waiting
                0x08000084                ST_AC_Alarm_ON
                0x080000ac                ST_AC_Alarm_OFF
 .text          0x080000d4       0xc4 driver.o
                0x080000d4                Delay
                0x080000f4                getPressureVal
                0x0800010c                Set_Alarm_actuator
                0x08000148                GPIO_INITIALIZATION
 .text          0x08000198       0x80 main.o
                0x08000198                Setup
                0x080001e0                main
 .text          0x08000218       0x6c Main_Algorithm.o
                0x08000218                Set_Pressure_Value
                0x08000244                ST_MA_High_Pressure_Detect
 .text          0x08000284       0x98 Monitor_Alarm.o
                0x08000284                High_Pressure_Detected
                0x080002a0                ST_MoA_Alarm_OFF
                0x080002c4                ST_MoA_Alarm_ON
                0x080002e8                ST_MoA_Waiting
 .text          0x0800031c       0x70 Pressure_Sensor.o
                0x0800031c                PS_init
                0x08000328                ST_PS_Reading
                0x08000364                ST_PS_Waiting
 .text          0x0800038c       0x90 startup.o
                0x0800038c                H_Fault_Handler
                0x0800038c                MM_Fault_Handler
                0x0800038c                Usage_Fault_Handler
                0x0800038c                Bus_Fault
                0x0800038c                Default_Handler
                0x0800038c                NMI_Handler
                0x08000398                Reset_Handler
 *(.rodata*)
                0x0800041c                _E_Text = .

.glue_7         0x0800041c        0x0
 .glue_7        0x0800041c        0x0 linker stubs

.glue_7t        0x0800041c        0x0
 .glue_7t       0x0800041c        0x0 linker stubs

.vfp11_veneer   0x0800041c        0x0
 .vfp11_veneer  0x0800041c        0x0 linker stubs

.v4_bx          0x0800041c        0x0
 .v4_bx         0x0800041c        0x0 linker stubs

.iplt           0x0800041c        0x0
 .iplt          0x0800041c        0x0 Alarm_Actuator.o

.rel.dyn        0x0800041c        0x0
 .rel.iplt      0x0800041c        0x0 Alarm_Actuator.o

.data           0x20000000        0xc load address 0x0800041c
                0x20000000                _S_Data = .
 *(.data*)
 .data          0x20000000        0x0 Alarm_Actuator.o
 .data          0x20000000        0x0 driver.o
 .data          0x20000000        0x0 main.o
 .data          0x20000000        0x4 Main_Algorithm.o
                0x20000000                MA_Pressure_Threshold
 .data          0x20000004        0x4 Monitor_Alarm.o
                0x20000004                MoA_Periode
 .data          0x20000008        0x4 Pressure_Sensor.o
                0x20000008                PS_Pull_Time
 .data          0x2000000c        0x0 startup.o
                0x2000000c                . = ALIGN (0x4)
                0x2000000c                _E_Data = .

.igot.plt       0x2000000c        0x0 load address 0x08000428
 .igot.plt      0x2000000c        0x0 Alarm_Actuator.o

.bss            0x2000000c     0x1020 load address 0x08000428
                0x2000000c                _S_Bss = .
 *(.bss*)
 .bss           0x2000000c        0x0 Alarm_Actuator.o
 .bss           0x2000000c        0x0 driver.o
 .bss           0x2000000c        0x0 main.o
 .bss           0x2000000c        0x4 Main_Algorithm.o
                0x2000000c                MA_Pressure_Value
 .bss           0x20000010        0x0 Monitor_Alarm.o
 .bss           0x20000010        0x4 Pressure_Sensor.o
                0x20000010                PS_Value
 .bss           0x20000014        0x0 startup.o
                0x20000014                . = ALIGN (0x4)
                0x20000014                _E_Bss = .
                0x20000014                . = ALIGN (0x4)
                0x20001014                . = (. + 0x1000)
 *fill*         0x20000014     0x1000 
                0x20001014                _Stack_Top = .
 COMMON         0x20001014        0x8 Alarm_Actuator.o
                0x20001014                AC_State_id
                0x20001018                AC_State
 COMMON         0x2000101c        0x3 main.o
                0x2000101c                MA_State_id
                0x2000101d                PS_State_id
                0x2000101e                MoA_State_id
 *fill*         0x2000101f        0x1 
 COMMON         0x20001020        0x4 Main_Algorithm.o
                0x20001020                MA_State
 COMMON         0x20001024        0x4 Monitor_Alarm.o
                0x20001024                MoA_State
 COMMON         0x20001028        0x4 Pressure_Sensor.o
                0x20001028                PS_State
LOAD Alarm_Actuator.o
LOAD driver.o
LOAD main.o
LOAD Main_Algorithm.o
LOAD Monitor_Alarm.o
LOAD Pressure_Sensor.o
LOAD startup.o
OUTPUT(Pressure_Controller.elf elf32-littlearm)

.debug_info     0x00000000     0x3f49
 .debug_info    0x00000000      0xa59 Alarm_Actuator.o
 .debug_info    0x00000a59      0xa05 driver.o
 .debug_info    0x0000145e      0xaa7 main.o
 .debug_info    0x00001f05      0xa2d Main_Algorithm.o
 .debug_info    0x00002932      0xa41 Monitor_Alarm.o
 .debug_info    0x00003373      0xa38 Pressure_Sensor.o
 .debug_info    0x00003dab      0x19e startup.o

.debug_abbrev   0x00000000      0xc1f
 .debug_abbrev  0x00000000      0x1e1 Alarm_Actuator.o
 .debug_abbrev  0x000001e1      0x1de driver.o
 .debug_abbrev  0x000003bf      0x1d6 main.o
 .debug_abbrev  0x00000595      0x1f2 Main_Algorithm.o
 .debug_abbrev  0x00000787      0x1e1 Monitor_Alarm.o
 .debug_abbrev  0x00000968      0x1e1 Pressure_Sensor.o
 .debug_abbrev  0x00000b49       0xd6 startup.o

.debug_loc      0x00000000      0x568
 .debug_loc     0x00000000      0x168 Alarm_Actuator.o
 .debug_loc     0x00000168      0x140 driver.o
 .debug_loc     0x000002a8       0x58 main.o
 .debug_loc     0x00000300       0x88 Main_Algorithm.o
 .debug_loc     0x00000388       0xc8 Monitor_Alarm.o
 .debug_loc     0x00000450       0x9c Pressure_Sensor.o
 .debug_loc     0x000004ec       0x7c startup.o

.debug_aranges  0x00000000       0xe0
 .debug_aranges
                0x00000000       0x20 Alarm_Actuator.o
 .debug_aranges
                0x00000020       0x20 driver.o
 .debug_aranges
                0x00000040       0x20 main.o
 .debug_aranges
                0x00000060       0x20 Main_Algorithm.o
 .debug_aranges
                0x00000080       0x20 Monitor_Alarm.o
 .debug_aranges
                0x000000a0       0x20 Pressure_Sensor.o
 .debug_aranges
                0x000000c0       0x20 startup.o

.debug_line     0x00000000      0xad1
 .debug_line    0x00000000      0x1b0 Alarm_Actuator.o
 .debug_line    0x000001b0      0x1b9 driver.o
 .debug_line    0x00000369      0x1f1 main.o
 .debug_line    0x0000055a      0x1a6 Main_Algorithm.o
 .debug_line    0x00000700      0x1ab Monitor_Alarm.o
 .debug_line    0x000008ab      0x1a9 Pressure_Sensor.o
 .debug_line    0x00000a54       0x7d startup.o

.debug_str      0x00000000      0x777
 .debug_str     0x00000000      0x523 Alarm_Actuator.o
                                0x59f (size before relaxing)
 .debug_str     0x00000523       0x57 driver.o
                                0x55f (size before relaxing)
 .debug_str     0x0000057a       0x53 main.o
                                0x5ea (size before relaxing)
 .debug_str     0x000005cd       0x67 Main_Algorithm.o
                                0x5ac (size before relaxing)
 .debug_str     0x00000634       0x63 Monitor_Alarm.o
                                0x5aa (size before relaxing)
 .debug_str     0x00000697       0x4c Pressure_Sensor.o
                                0x580 (size before relaxing)
 .debug_str     0x000006e3       0x94 startup.o
                                0x1a0 (size before relaxing)

.comment        0x00000000       0x7e
 .comment       0x00000000       0x7e Alarm_Actuator.o
                                 0x7f (size before relaxing)
 .comment       0x0000007e       0x7f driver.o
 .comment       0x0000007e       0x7f main.o
 .comment       0x0000007e       0x7f Main_Algorithm.o
 .comment       0x0000007e       0x7f Monitor_Alarm.o
 .comment       0x0000007e       0x7f Pressure_Sensor.o
 .comment       0x0000007e       0x7f startup.o

.ARM.attributes
                0x00000000       0x33
 .ARM.attributes
                0x00000000       0x33 Alarm_Actuator.o
 .ARM.attributes
                0x00000033       0x33 driver.o
 .ARM.attributes
                0x00000066       0x33 main.o
 .ARM.attributes
                0x00000099       0x33 Main_Algorithm.o
 .ARM.attributes
                0x000000cc       0x33 Monitor_Alarm.o
 .ARM.attributes
                0x000000ff       0x33 Pressure_Sensor.o
 .ARM.attributes
                0x00000132       0x33 startup.o

.debug_frame    0x00000000      0x340
 .debug_frame   0x00000000       0xc8 Alarm_Actuator.o
 .debug_frame   0x000000c8       0xa0 driver.o
 .debug_frame   0x00000168       0x48 main.o
 .debug_frame   0x000001b0       0x54 Main_Algorithm.o
 .debug_frame   0x00000204       0x84 Monitor_Alarm.o
 .debug_frame   0x00000288       0x68 Pressure_Sensor.o
 .debug_frame   0x000002f0       0x50 startup.o
