
Memory Configuration

Name             Origin             Length             Attributes
flash            0x08000000         0x00020000         xr
sram             0x20000000         0x00005000         xrw
*default*        0x00000000         0xffffffff

Linker script and memory map


.text           0x08000000      0x140
 *(.vectors*)
 .vectors       0x08000000       0x1c startup.o
                0x08000000                vectors
 *(.text*)
 .text          0x0800001c       0x94 main.o
                0x0800001c                NMI_Handler
                0x08000028                Bus_Fault
                0x08000034                main
 .text          0x080000b0       0x90 startup.o
                0x080000b0                MM_Fault_Handler
                0x080000b0                Usage_Fault_Handler
                0x080000b0                Default_Handler
                0x080000b0                H_Fault_Handler
                0x080000bc                Reset_Handler
 *(.rodata*)
                0x08000140                _E_Text = .

.glue_7         0x08000140        0x0
 .glue_7        0x08000140        0x0 linker stubs

.glue_7t        0x08000140        0x0
 .glue_7t       0x08000140        0x0 linker stubs

.vfp11_veneer   0x08000140        0x0
 .vfp11_veneer  0x08000140        0x0 linker stubs

.v4_bx          0x08000140        0x0
 .v4_bx         0x08000140        0x0 linker stubs

.iplt           0x08000140        0x0
 .iplt          0x08000140        0x0 main.o

.rel.dyn        0x08000140        0x0
 .rel.iplt      0x08000140        0x0 main.o

.data           0x20000000       0x1c load address 0x08000140
                0x20000000                _S_Data = .
 *(.data*)
 .data          0x20000000       0x1c main.o
                0x20000000                R_ODR
                0x20000004                global_variables
                0x20000010                const_variavles
 .data          0x2000001c        0x0 startup.o
                0x2000001c                . = ALIGN (0x4)
                0x2000001c                _E_Data = .

.igot.plt       0x2000001c        0x0 load address 0x0800015c
 .igot.plt      0x2000001c        0x0 main.o

.bss            0x2000001c     0x1000 load address 0x0800015c
                0x2000001c                _S_Bss = .
 *(.bss*)
 .bss           0x2000001c        0x0 main.o
 .bss           0x2000001c        0x0 startup.o
                0x2000001c                . = ALIGN (0x4)
                0x2000001c                _E_Bss = .
                0x2000001c                . = ALIGN (0x4)
                0x2000101c                . = (. + 0x1000)
 *fill*         0x2000001c     0x1000 
                0x2000101c                _Stack_Top = .
LOAD main.o
LOAD startup.o
OUTPUT(learn-in-depth.elf elf32-littlearm)

.debug_info     0x00000000      0x36d
 .debug_info    0x00000000      0x1cf main.o
 .debug_info    0x000001cf      0x19e startup.o

.debug_abbrev   0x00000000      0x1e7
 .debug_abbrev  0x00000000      0x111 main.o
 .debug_abbrev  0x00000111       0xd6 startup.o

.debug_loc      0x00000000      0x13c
 .debug_loc     0x00000000       0xc0 main.o
 .debug_loc     0x000000c0       0x7c startup.o

.debug_aranges  0x00000000       0x40
 .debug_aranges
                0x00000000       0x20 main.o
 .debug_aranges
                0x00000020       0x20 startup.o

.debug_line     0x00000000       0xeb
 .debug_line    0x00000000       0x6e main.o
 .debug_line    0x0000006e       0x7d startup.o

.debug_str      0x00000000      0x1f0
 .debug_str     0x00000000      0x172 main.o
                                0x190 (size before relaxing)
 .debug_str     0x00000172       0x7e startup.o
                                0x1ab (size before relaxing)

.comment        0x00000000       0x7e
 .comment       0x00000000       0x7e main.o
                                 0x7f (size before relaxing)
 .comment       0x0000007e       0x7f startup.o

.ARM.attributes
                0x00000000       0x33
 .ARM.attributes
                0x00000000       0x33 main.o
 .ARM.attributes
                0x00000033       0x33 startup.o

.debug_frame    0x00000000       0xbc
 .debug_frame   0x00000000       0x6c main.o
 .debug_frame   0x0000006c       0x50 startup.o
