
Memory Configuration

Name             Origin             Length             Attributes
flash            0x00000000         0x10000000         xr
sram             0x20000000         0x10000000         xrw
*default*        0x00000000         0xffffffff

Linker script and memory map


.text           0x00000000      0x13c
 *(.vectors*)
 .vectors       0x00000000       0x1c startup.o
                0x00000000                Gl_ptr_fn_vectors
 *(.text*)
 .text          0x0000001c       0x90 main.o
                0x0000001c                main
 .text          0x000000ac       0x90 startup.o
                0x000000ac                H_Fault_Handler
                0x000000ac                MM_Fault_Handler
                0x000000ac                Usage_Fault_Handler
                0x000000ac                Bus_Fault
                0x000000ac                Default_Handler
                0x000000ac                NMI_Handler
                0x000000b8                Reset_Handler
 *(.rodata*)
                0x0000013c                _E_Text = .

.glue_7         0x0000013c        0x0
 .glue_7        0x0000013c        0x0 linker stubs

.glue_7t        0x0000013c        0x0
 .glue_7t       0x0000013c        0x0 linker stubs

.vfp11_veneer   0x0000013c        0x0
 .vfp11_veneer  0x0000013c        0x0 linker stubs

.v4_bx          0x0000013c        0x0
 .v4_bx         0x0000013c        0x0 linker stubs

.iplt           0x0000013c        0x0
 .iplt          0x0000013c        0x0 main.o

.rel.dyn        0x0000013c        0x0
 .rel.iplt      0x0000013c        0x0 main.o

.data           0x20000000        0x0 load address 0x0000013c
                0x20000000                _S_Data = .
 *(.data*)
 .data          0x20000000        0x0 main.o
 .data          0x20000000        0x0 startup.o
                0x20000000                . = ALIGN (0x4)
                0x20000000                _E_Data = .

.igot.plt       0x20000000        0x0 load address 0x0000013c
 .igot.plt      0x20000000        0x0 main.o

.bss            0x20000000      0x3fc load address 0x0000013c
                0x20000000                _S_Bss = .
 *(.bss*)
 .bss           0x20000000        0x0 main.o
 .bss           0x20000000      0x3fc startup.o
                0x200003fc                . = ALIGN (0x4)
                0x200003fc                _E_Bss = .
LOAD main.o
LOAD startup.o
OUTPUT(Lab3_CORTEX-M4.elf elf32-littlearm)

.debug_info     0x00000000      0x27b
 .debug_info    0x00000000       0xb2 main.o
 .debug_info    0x000000b2      0x1c9 startup.o

.debug_abbrev   0x00000000      0x14e
 .debug_abbrev  0x00000000       0x65 main.o
 .debug_abbrev  0x00000065       0xe9 startup.o

.debug_loc      0x00000000       0xb4
 .debug_loc     0x00000000       0x38 main.o
 .debug_loc     0x00000038       0x7c startup.o

.debug_aranges  0x00000000       0x40
 .debug_aranges
                0x00000000       0x20 main.o
 .debug_aranges
                0x00000020       0x20 startup.o

.debug_line     0x00000000       0xf4
 .debug_line    0x00000000       0x77 main.o
 .debug_line    0x00000077       0x7d startup.o

.debug_str      0x00000000      0x1aa
 .debug_str     0x00000000      0x119 main.o
                                0x137 (size before relaxing)
 .debug_str     0x00000119       0x91 startup.o
                                0x1af (size before relaxing)

.comment        0x00000000       0x7e
 .comment       0x00000000       0x7e main.o
                                 0x7f (size before relaxing)
 .comment       0x0000007e       0x7f startup.o

.ARM.attributes
                0x00000000       0x33
 .ARM.attributes
                0x00000000       0x33 main.o
 .ARM.attributes
                0x00000033       0x33 startup.o

.debug_frame    0x00000000       0x7c
 .debug_frame   0x00000000       0x2c main.o
 .debug_frame   0x0000002c       0x50 startup.o
